hlcsg v3.4 VL34 64-bit (Aug 17 2015)
Zoner's Half-Life Compilation Tools -- Custom Build
Based on code modifications by Sean 'Zoner' Cavanaugh
Based on Valve's version, modified with permission.
Submit detailed bug reports to (vluzacn@163.com)
-----  BEGIN  hlcsg -----
Command line: "C:/Program Files/J.A.C.K./halflife/hlcsg.exe" "C:\Games\Counter-Strike WaRzOnE\cstrike\maps\ze_dojoescape_matrix" 
Arguments: "C:\Games\Counter-Strike WaRzOnE\cstrike\maps\ze_dojoescape_matrix" -low -wadautodetect 
Entering C:\Games\Counter-Strike WaRzOnE\cstrike\maps\ze_dojoescape_matrix.map

Current hlcsg Settings
Name                 |  Setting  |  Default
---------------------|-----------|-------------------------
threads               [      16 ] [  Varies ]
verbose               [     off ] [     off ]
log                   [      on ] [      on ]
reset logfile         [      on ] [      on ]
developer             [       0 ] [       0 ]
chart                 [     off ] [     off ]
estimate              [     off ] [     off ]
max texture memory    [ 33554432 ] [ 33554432 ]
max lighting memory   [ 50331648 ] [ 50331648 ]
priority              [     Low ] [  Normal ]

noclip                [     off ] [     off ]
null texture stripping[      on ] [      on ]
clipnode economy mode [     off ] [     off ]
clip hull type        [  simple ] [  simple ]
onlyents              [     off ] [     off ]
wadtextures           [      on ] [      on ]
skyclip               [      on ] [      on ]
hullfile              [    None ] [    None ]
wad configuration file[    None ] [    None ]
wad.cfg group name    [    None ] [    None ]
nullfile              [    None ] [    None ]
nullify trigger       [      on ] [      on ]
min surface area      [   0.000 ] [   0.000 ]
brush union threshold [   0.000 ] [   0.000 ]
map scaling           [    None ] [    None ]
light name optimize   [      on ] [      on ]
convert game_text     [      on ] [      on ]

Using mapfile wad configuration
Wadfiles not in use by the map will be excluded
Wadinclude list :
[zhlt.wad]

CreateBrush:
Warning: Illegal Brush (edge without opposite face): Entity 31, Brush 8

 (0.05 seconds)
CSGBrush:
 (0.20 seconds)

 - Warning: Larger than expected texture (371072 bytes): 'GROUND_A_V5'
 - Warning: Larger than expected texture (371072 bytes): 'GROUND_A_V7'
 - Warning: Larger than expected texture (370732 bytes): 'WALL_WALL_V8'
Including Wadfile: /Program Files/J.A.C.K/halflife/zhlt.wad
 - Contains 2 used textures, 3.85 percent of map (19 textures in wad)
Using Wadfile: /Games/Counter-Strike WaRzOnE/valve/halflife.wad
 - Contains 6 used textures, 11.54 percent of map (3116 textures in wad)
Using Wadfile: /Games/Counter-Strike WaRzOnE/cstrike/cs_bdog.wad
 - Contains 1 used texture, 1.92 percent of map (132 textures in wad)
Using Wadfile: /Games/Counter-Strike WaRzOnE/cstrike/itsitaly.wad
 - Contains 1 used texture, 1.92 percent of map (99 textures in wad)
Using Wadfile: /Games/Counter-Strike WaRzOnE/cstrike/torntextures.wad
 - Contains 2 used textures, 3.85 percent of map (162 textures in wad)
Using Wadfile: /Games/Counter-Strike WaRzOnE/cstrike/DC1.wad
 - Contains 1 used texture, 1.92 percent of map (81 textures in wad)
Using Wadfile: /Games/Counter-Strike WaRzOnE/cstrike/DC3.wad
 - Contains 3 used textures, 5.77 percent of map (5 textures in wad)
Using Wadfile: /Users/ExpertInfo/Desktop/Nouveau dossier/DeathClaws/ze_dojoescape_matrix/ze_dojoescape_matrix.wad
 - Contains 36 used textures, 69.23 percent of map (97 textures in wad)

Wad files required to run the map: "halflife.wad;cs_bdog.wad;itsitaly.wad;torntextures.wad;DC1.wad;DC3.wad;ze_dojoescape_matrix.wad;"
Texture usage is at 2.14 mb (of 32.00 mb MAX)
0.32 seconds elapsed

-----   END   hlcsg -----



hlbsp v3.4 VL34 64-bit (Aug 17 2015)
Zoner's Half-Life Compilation Tools -- Custom Build
Based on code modifications by Sean 'Zoner' Cavanaugh
Based on Valve's version, modified with permission.
Submit detailed bug reports to (vluzacn@163.com)
-----  BEGIN  hlbsp -----
Command line: "C:/Program Files/J.A.C.K./halflife/hlbsp.exe" "C:\Games\Counter-Strike WaRzOnE\cstrike\maps\ze_dojoescape_matrix" 
Arguments: "C:\Games\Counter-Strike WaRzOnE\cstrike\maps\ze_dojoescape_matrix" -low -chart 

Current hlbsp Settings
Name               |  Setting  |  Default
-------------------|-----------|-------------------------
threads             [      16 ] [  Varies ]
verbose             [     off ] [     off ]
log                 [      on ] [      on ]
developer           [       0 ] [       0 ]
chart               [      on ] [     off ]
estimate            [     off ] [     off ]
max texture memory  [ 33554432 ] [ 33554432 ]
priority            [     Low ] [  Normal ]

noclip              [     off ] [     off ]
nofill              [     off ] [     off ]
noinsidefill        [     off ] [     off ]
noopt               [     off ] [     off ]
no clipnode merging [     off ] [     off ]
null tex. stripping [      on ] [      on ]
notjunc             [     off ] [     off ]
nobrink             [     off ] [     off ]
subdivide size      [     240 ] [     240 ] (Min 64) (Max 512)
max node size       [    1024 ] [    1024 ] (Min 64) (Max 65536)
remove hull 2       [     off ] [     off ]


SolidBSP [hull 0] 500...1000...1500...2000...2346 (0.12 seconds)
BSP generation successful, writing portal file 'C:\Games\Counter-Strike WaRzOnE\cstrike\maps\ze_dojoescape_matrix.prt'
SolidBSP [hull 1] 500...1000...Warning: Ambiguous leafnode content ( EMPTY and SOLID ) at (-1768,2920,524)-(-1664,3104,603) in hull 1 of model 0 (entity: classname "worldspawn", origin "", targetname "")
Warning: Ambiguous leafnode content ( EMPTY and SOLID ) at (-1872,3000,524)-(-1664,3104,603) in hull 1 of model 0 (entity: classname "worldspawn", origin "", targetname "")
1500...2000...2406 (0.12 seconds)
SolidBSP [hull 2] 500...1000...Warning: Ambiguous leafnode content ( EMPTY and SOLID ) at (-1752,2880,520)-(-1648,3120,599) in hull 2 of model 0 (entity: classname "worldspawn", origin "", targetname "")
Warning: Ambiguous leafnode content ( EMPTY and SOLID ) at (-1888,3016,520)-(-1704,3120,599) in hull 2 of model 0 (entity: classname "worldspawn", origin "", targetname "")
1500...2000...2364 (0.12 seconds)
SolidBSP [hull 3] 500...Warning: Ambiguous leafnode content ( EMPTY and SOLID ) at (-2800,-831,2079)-(-2725,-801,2137) in hull 3 of model 0 (entity: classname "worldspawn", origin "", targetname "")
Warning: Ambiguous leafnode content ( EMPTY and SOLID ) at (-2800,-1307,2079)-(-2781,-1288,2116) in hull 3 of model 0 (entity: classname "worldspawn", origin "", targetname "")
1000...Warning: Ambiguous leafnode content ( EMPTY and SOLID ) at (-2800,-1743,2079)-(-2725,-1658,2243) in hull 3 of model 0 (entity: classname "worldspawn", origin "", targetname "")
Warning: Ambiguous leafnode content ( EMPTY and SOLID ) at (-2781,-2157,2079)-(-2725,-2127,2137) in hull 3 of model 0 (entity: classname "worldspawn", origin "", targetname "")
Warning: Ambiguous leafnode content ( EMPTY and SOLID ) at (-1768,2920,506)-(-1664,3104,585) in hull 3 of model 0 (entity: classname "worldspawn", origin "", targetname "")
Warning: Ambiguous leafnode content ( EMPTY and SOLID ) at (-1872,3000,506)-(-1664,3104,585) in hull 3 of model 0 (entity: classname "worldspawn", origin "", targetname "")
1500...2000...2495 (0.13 seconds)
Reduced 6877 clipnodes to 6233
Reduced 1436 texinfos to 1097
Reduced 52 texdatas to 51 (4516 bytes to 3360)
Reduced 14942 planes to 3718
FixBrinks:
Increased 6233 clipnodes to 6280.

Object names  Objects/Maxobjs  Memory / Maxmem  Fullness
------------  ---------------  ---------------  --------
models             53/512         3392/32768    (10.4%)
planes           3718/32768      74360/655360   (11.3%)
vertexes         8158/65535      97896/786420   (12.4%)
nodes            2480/32767      59520/786408   ( 7.6%)
texinfos         1097/32767      43880/1310680  ( 3.3%)
faces            5649/65535     112980/1310700  ( 8.6%)
* worldfaces     4979/32768          0/0        (15.2%)
clipnodes        6280/32767      50240/262136   (19.2%)
leaves           1595/32760      44660/917280   ( 4.9%)
* worldleaves    1085/8192           0/0        (13.2%)
marksurfaces     7557/65535      15114/131070   (11.5%)
surfedges       27431/512000    109724/2048000  ( 5.4%)
edges           14078/256000     56312/1024000  ( 5.5%)
texdata          [variable]       3360/33554432 ( 0.0%)
lightdata        [variable]          0/50331648 ( 0.0%)
visdata          [variable]          0/8388608  ( 0.0%)
entdata          [variable]      23745/2097152  ( 1.1%)
* AllocBlock       24/64             0/0        (37.5%)
51 textures referenced
=== Total BSP file data space used: 695183 bytes ===
Wad files required to run the map: "halflife.wad;cs_bdog.wad;itsitaly.wad;torntextures.wad;DC1.wad;DC3.wad;ze_dojoescape_matrix.wad;"
1.03 seconds elapsed

-----   END   hlbsp -----



hlvis v3.4 VL34 64-bit (Aug 17 2015)
Zoner's Half-Life Compilation Tools -- Custom Build
Based on code modifications by Sean 'Zoner' Cavanaugh
Based on Valve's version, modified with permission.
Submit detailed bug reports to (vluzacn@163.com)
-----  BEGIN  hlvis -----
Command line: "C:/Program Files/J.A.C.K./halflife/hlvis.exe" "C:\Games\Counter-Strike WaRzOnE\cstrike\maps\ze_dojoescape_matrix" 
Arguments: "C:\Games\Counter-Strike WaRzOnE\cstrike\maps\ze_dojoescape_matrix" -low 
1085 portalleafs
3325 numportals

-= Current hlvis Settings =-
Name               |  Setting  |  Default
-------------------|-----------|-------------------------
threads             [      16 ] [  Varies ]
verbose             [     off ] [     off ]
log                 [      on ] [      on ]
developer           [       0 ] [       0 ]
chart               [     off ] [     off ]
estimate            [     off ] [     off ]
max texture memory  [ 33554432 ] [ 33554432 ]
max vis distance    [       0 ] [       0 ]
priority            [     Low ] [  Normal ]

fast vis            [     off ] [     off ]
full vis            [     off ] [     off ]


BasePortalVis:
 (0.04 seconds)
LeafThread:
 (1.16 seconds)
average leafs visible: 156
g_visdatasize:42398  compressed from 147560
1.22 seconds elapsed

-----   END   hlvis -----



hlrad v3.4 VL34 64-bit (Aug 17 2015)
Zoner's Half-Life Compilation Tools -- Custom Build
Based on code modifications by Sean 'Zoner' Cavanaugh
Based on Valve's version, modified with permission.
Submit detailed bug reports to (vluzacn@163.com)
-----  BEGIN  hlrad -----
Command line: "C:/Program Files/J.A.C.K./halflife/hlrad.exe" "C:\Games\Counter-Strike WaRzOnE\cstrike\maps\ze_dojoescape_matrix" 
Arguments: "C:\Games\Counter-Strike WaRzOnE\cstrike\maps\ze_dojoescape_matrix" -low 

-= Current hlrad Settings =-
Name                | Setting             | Default
--------------------|---------------------|-------------------------
threads              [                16 ] [            Varies ]
verbose              [               off ] [               off ]
log                  [                on ] [                on ]
developer            [                 0 ] [                 0 ]
chart                [               off ] [               off ]
estimate             [               off ] [               off ]
max texture memory   [          33554432 ] [          33554432 ]
max lighting memory  [          50331648 ] [          50331648 ]
priority             [               Low ] [            Normal ]

fast rad             [               off ] [               off ]
vismatrix algorithm  [            Sparse ] [            Sparse ]
oversampling (-extra)[               off ] [               off ]
bounces              [                 8 ] [                 8 ]
ambient light        [ 0.000 0.000 0.000 ] [ 0.000 0.000 0.000 ]
light limit threshold[           188.000 ] [           188.000 ]
circus mode          [               off ] [               off ]

smoothing threshold  [            50.000 ] [            50.000 ]
smoothing threshold 2[         no change ] [         no change ]
direct threshold     [            10.000 ] [            10.000 ]
direct light scale   [             1.000 ] [             1.000 ]
coring threshold     [             0.010 ] [             0.010 ]
patch interpolation  [                on ] [                on ]

texscale             [                on ] [                on ]
patch subdividing    [                on ] [                on ]
chop value           [            64.000 ] [            64.000 ]
texchop value        [            32.000 ] [            32.000 ]

global fade          [             1.000 ] [             1.000 ]
global texlight gap  [             0.000 ] [             0.000 ]
global light scale   [ 2.000 2.000 2.000 ] [ 2.000 2.000 2.000 ]
global gamma         [ 0.550 0.550 0.550 ] [ 0.550 0.550 0.550 ]
global light scale   [             2.000 ] [             2.000 ]
global sky diffusion [             1.000 ] [             1.000 ]

spread angles        [                on ] [                on ]
opaque entities      [                on ] [                on ]
sky lighting fix     [                on ] [                on ]
incremental          [               off ] [               off ]
dump                 [               off ] [               off ]

colour jitter        [       0.0 0.0 0.0 ] [       0.0 0.0 0.0 ]
monochromatic jitter [       0.0 0.0 0.0 ] [       0.0 0.0 0.0 ]

custom shadows with bounce light
                     [               off ] [               off ]
rgb transfers        [               off ] [               off ]
minimum final light  [                 0 ] [                 0 ]
size of transfer     [         1 (16bit) ] [         1 (16bit) ]
size of rgbtransfer  [         2 (32bit) ] [         2 (32bit) ]
soft sky             [                on ] [                on ]
translucent depth    [             2.000 ] [             2.000 ]
block opaque         [                on ] [                on ]
ignore textures      [               off ] [               off ]
reflectivity gamma   [             1.760 ] [             1.760 ]
reflectivity scale   [             0.700 ] [             0.700 ]
blur size            [             1.500 ] [             1.500 ]
no emitter range     [               off ] [               off ]
wall bleeding fix    [                on ] [                on ]


Load Textures:
Using Wadfile: C:\Games\Counter-Strike WaRzOnE\cstrike\maps\ze_dojoescape_matrix.wa_
51 textures referenced
Reading texlights from 'C:\Program Files\J.A.C.K\halflife\lights.rad'
1 opaque models
18 opaque faces
5649 faces
Create Patches : 23733 base patches
480164 square feet [69143744.00 square inches]
60 direct lights and 16386 fast direct lights
1 light styles

FindFacePositions:
 (0.30 seconds)
BuildFacelights:
 (3.86 seconds)
BuildVisLeafs:
 (0.87 seconds)
visibility matrix   :  11.2 megs
MakeScales:
 (1.33 seconds)
Transfer Lists :    27557622 :    27.56M transfers
       Indices :    11926664 :    11.37M bytes
          Data :    55183545 :    52.63M bytes
Bounce 1 GatherLight:
 (0.05 seconds)
Bounce 2 GatherLight:
 (0.05 seconds)
Bounce 3 GatherLight:
 (0.05 seconds)
Bounce 4 GatherLight:
 (0.06 seconds)
Bounce 5 GatherLight:
 (0.05 seconds)
Bounce 6 GatherLight:
 (0.05 seconds)
Bounce 7 GatherLight:
 (0.05 seconds)
Bounce 8 GatherLight:
 (0.05 seconds)
CreateTriangulations:
 (0.03 seconds)
AddPatchLights:
 (0.48 seconds)
FinalLightFace:
 (0.00 seconds)
7.70 seconds elapsed

-----   END   hlrad -----



